// Vitest Snapshot v1, https://vitest.dev/guide/snapshot.html

exports[`RadioMenuItem > renders 1`] = `
<DocumentFragment>
  <div
    aria-checked="false"
    class="_item_9618f6 _interactive_9618f6"
    data-kind="primary"
    role="menuitemradio"
  >
    <div
      class="_container_8b5535 _icon_9618f6"
    >
      <input
        aria-hidden="true"
        class="_input_8b5535"
        id="_r_0_"
        type="radio"
      />
      <div
        class="_ui_8b5535"
      />
    </div>
    <span
      class="_typography_61e060 _font-body-md-medium_61e060 _label_9618f6"
    >
      Always show
    </span>
  </div>
</DocumentFragment>
`;
