// Vitest Snapshot v1, https://vitest.dev/guide/snapshot.html

exports[`Toggle > renders 1`] = `
<DocumentFragment>
  <div
    class="_container_d9763f"
  >
    <input
      class="_input_d9763f"
      role="switch"
      type="checkbox"
    />
    <div
      class="_ui_d9763f"
    />
  </div>
</DocumentFragment>
`;
