// Vitest Snapshot v1, https://vitest.dev/guide/snapshot.html

exports[`Badge > renders 1`] = `
<DocumentFragment>
  <span
    class="_badge_f1986f"
    data-kind="default"
    style="font: var(--cpd-font-body-sm-medium); letter-spacing: var(--cpd-font-letter-spacing-body-sm);"
  />
</DocumentFragment>
`;
