// Vitest Snapshot v1, https://vitest.dev/guide/snapshot.html

exports[`PasswordControl > renders 1`] = `
<DocumentFragment>
  <form>
    <div>
      <label
        for="radix-«r0»"
      >
        MFA
      </label>
      <div
        class="_container_4b8c2b"
      >
        <input
          autocomplete="one-time-code"
          class="_control_4b8c2b"
          id="radix-«r0»"
          inputmode="numeric"
          maxlength="6"
          minlength="0"
          name="mfa"
          pattern="\\d{6}"
          placeholder="000000"
          title=""
          type="text"
        />
        <div
          aria-hidden="true"
          class="_digit_4b8c2b"
        />
        <div
          aria-hidden="true"
          class="_digit_4b8c2b"
        />
        <div
          aria-hidden="true"
          class="_digit_4b8c2b"
        />
        <div
          aria-hidden="true"
          class="_digit_4b8c2b"
        />
        <div
          aria-hidden="true"
          class="_digit_4b8c2b"
        />
        <div
          aria-hidden="true"
          class="_digit_4b8c2b"
        />
      </div>
    </div>
  </form>
</DocumentFragment>
`;
